---
source: crates/wasm-workers/src/workflow/workflow_worker.rs
expression: "redact_component_digest(serde_json::to_value(&replay).unwrap())"
---
{
  "captured_writes": [
    {
      "Append": {
        "execution_id": "E_00000000000000000000000001",
        "version": 4,
        "req": {
          "created_at": "1970-01-01T00:00:00.500Z",
          "event": {
            "history_event": {
              "event": {
                "type": "join_next",
                "join_set_id": "g:1",
                "run_expires_at": "1970-01-01T00:00:00.500Z",
                "requested_ffqn": "testing:fibo/fibo.fibo",
                "closing": false
              }
            }
          }
        },
        "backtraces": [
          {
            "execution_id": "E_00000000000000000000000001",
            "component_id": {
              "component_type": "workflow",
              "name": "",
              "component_digest": "sha256:<REDACTED>"
            },
            "version_min_including": 4,
            "version_max_excluding": 5,
            "wasm_backtrace": {
              "frames": [
                {
                  "module": "<unknown>",
                  "func_name": "<wasm function 5>",
                  "symbols": []
                },
                {
                  "module": "test_programs_fibo_workflow.wasm",
                  "func_name": "test_programs_fibo_workflow::generated::testing::fibo_obelisk_ext::fibo::fibo_await_next::h0e8d9ba882be7d50",
                  "symbols": [
                    {
                      "func_name": "fibo_await_next",
                      "file": "/home/tomas/work/workspaces/workflow/obelisk/target/release_testprograms/wasm32-unknown-unknown/release_testprograms/build/test-programs-fibo-workflow-d0ce3ef7f7084a22/out/any.rs",
                      "line": 4484,
                      "col": 47
                    }
                  ]
                },
                {
                  "module": "test_programs_fibo_workflow.wasm",
                  "func_name": "testing:fibo-workflow/workflow#fiboa-concurrent",
                  "symbols": [
                    {
                      "func_name": "fiboa_concurrent",
                      "file": "/home/tomas/work/workspaces/workflow/obelisk/crates/testing/test-programs/fibo/workflow/src/lib.rs",
                      "line": 57,
                      "col": 20
                    },
                    {
                      "func_name": "_export_fiboa_concurrent_cabi<test_programs_fibo_workflow::Component>",
                      "file": "/home/tomas/work/workspaces/workflow/obelisk/target/release_testprograms/wasm32-unknown-unknown/release_testprograms/build/test-programs-fibo-workflow-d0ce3ef7f7084a22/out/any.rs",
                      "line": 4809,
                      "col": 43
                    },
                    {
                      "func_name": "export_fiboa_concurrent",
                      "file": "/home/tomas/work/workspaces/workflow/obelisk/target/release_testprograms/wasm32-unknown-unknown/release_testprograms/build/test-programs-fibo-workflow-d0ce3ef7f7084a22/out/any.rs",
                      "line": 5067,
                      "col": 109
                    }
                  ]
                }
              ]
            }
          }
        ]
      }
    }
  ]
}
