---
source: crates/wasm-workers/src/workflow/workflow_js_worker.rs
expression: "sanitize_json(&serde_json::to_value(&replay).unwrap())"
---
{
  "captured_writes": [
    {
      "Append": {
        "execution_id": "E_<REDACTED>",
        "version": 5,
        "req": {
          "created_at": "<TIMESTAMP>",
          "event": {
            "history_event": {
              "event": {
                "type": "join_next",
                "join_set_id": "g:1",
                "run_expires_at": "<TIMESTAMP>",
                "requested_ffqn": null,
                "closing": false
              }
            }
          }
        }
      }
    },
    {
      "Append": {
        "execution_id": "E_<REDACTED>",
        "version": 6,
        "req": {
          "created_at": "<TIMESTAMP>",
          "event": {
            "finished": {
              "retval": {
                "ok": {
                  "type": "result<string, string>",
                  "value": {
                    "ok": "\"hello\""
                  }
                }
              },
              "http_client_traces": null
            }
          }
        }
      }
    }
  ]
}
