---
source: crates/wasm-workers/src/workflow/workflow_worker.rs
expression: execution_log
---
{
  "execution_id": "E_00000000000000000000000000",
  "events": [
    {
      "created_at": "1970-01-01T00:00:00Z",
      "event": {
        "Created": {
          "ffqn": "testing:stub-workflow/workflow.submit-race-join-next-stub",
          "params": [],
          "parent": null,
          "scheduled_at": "1970-01-01T00:00:00Z",
          "component_id": {
            "component_type": "workflow",
            "name": "",
            "input_digest": "sha256:0000000000000000000000000000000000000000000000000000000000000000"
          },
          "metadata": null,
          "scheduled_by": null
        }
      },
      "version": 0
    },
    {
      "created_at": "1970-01-01T00:00:00Z",
      "event": {
        "Locked": {
          "component_id": {
            "component_type": "workflow",
            "name": "",
            "input_digest": "sha256:0000000000000000000000000000000000000000000000000000000000000000"
          },
          "executor_id": "Exr_00000000000000000000000000",
          "run_id": "Run_00000000000000000000000001",
          "lock_expires_at": "1970-01-01T00:00:01Z",
          "retry_config": {
            "max_retries": 4294967295,
            "retry_exp_backoff": {
              "secs": 0,
              "nanos": 0
            }
          }
        }
      },
      "version": 1
    },
    {
      "created_at": "1970-01-01T00:00:00Z",
      "event": {
        "HistoryEvent": {
          "event": {
            "type": "JoinSetCreate",
            "join_set_id": "g:1"
          }
        }
      },
      "version": 2
    },
    {
      "created_at": "1970-01-01T00:00:00Z",
      "event": {
        "HistoryEvent": {
          "event": {
            "type": "JoinSetRequest",
            "join_set_id": "g:1",
            "request": {
              "type": "ChildExecutionRequest",
              "child_execution_id": "E_00000000000000000000000000.g:1_1",
              "target_ffqn": "testing:stub-activity/activity.foo",
              "params": [
                "some param"
              ]
            }
          }
        }
      },
      "version": 3
    },
    {
      "created_at": "1970-01-01T00:00:00Z",
      "event": {
        "HistoryEvent": {
          "event": {
            "type": "JoinSetRequest",
            "join_set_id": "g:1",
            "request": {
              "type": "DelayRequest",
              "delay_id": "Delay_00000000000000000000000000.g:1_0",
              "expires_at": "1970-01-01T00:00:00.010Z",
              "schedule_at": {
                "In": {
                  "secs": 0,
                  "nanos": 10000000
                }
              }
            }
          }
        }
      },
      "version": 4
    },
    {
      "created_at": "1970-01-01T00:00:00Z",
      "event": {
        "HistoryEvent": {
          "event": {
            "type": "Stub",
            "target_execution_id": "E_00000000000000000000000000.g:1_1",
            "result": {
              "Ok": {
                "ok": {
                  "type": "string",
                  "value": "ok"
                }
              }
            },
            "persist_result": {
              "Ok": null
            }
          }
        }
      },
      "version": 5
    },
    {
      "created_at": "1970-01-01T00:00:00Z",
      "event": {
        "HistoryEvent": {
          "event": {
            "type": "JoinNext",
            "join_set_id": "g:1",
            "run_expires_at": "1970-01-01T00:00:00Z",
            "requested_ffqn": null,
            "closing": false
          }
        }
      },
      "version": 6
    },
    {
      "created_at": "1970-01-01T00:00:00Z",
      "event": {
        "Locked": {
          "component_id": {
            "component_type": "workflow",
            "name": "",
            "input_digest": "sha256:0000000000000000000000000000000000000000000000000000000000000000"
          },
          "executor_id": "Exr_00000000000000000000000000",
          "run_id": "Run_00000000000000000000000002",
          "lock_expires_at": "1970-01-01T00:00:01Z",
          "retry_config": {
            "max_retries": 4294967295,
            "retry_exp_backoff": {
              "secs": 0,
              "nanos": 0
            }
          }
        }
      },
      "version": 7
    },
    {
      "created_at": "1970-01-01T00:00:00Z",
      "event": {
        "HistoryEvent": {
          "event": {
            "type": "JoinNext",
            "join_set_id": "g:1",
            "run_expires_at": "1970-01-01T00:00:00Z",
            "requested_ffqn": null,
            "closing": true
          }
        }
      },
      "version": 8
    },
    {
      "created_at": "1970-01-01T00:00:00Z",
      "event": {
        "Locked": {
          "component_id": {
            "component_type": "workflow",
            "name": "",
            "input_digest": "sha256:0000000000000000000000000000000000000000000000000000000000000000"
          },
          "executor_id": "Exr_00000000000000000000000000",
          "run_id": "Run_00000000000000000000000003",
          "lock_expires_at": "1970-01-01T00:00:01Z",
          "retry_config": {
            "max_retries": 4294967295,
            "retry_exp_backoff": {
              "secs": 0,
              "nanos": 0
            }
          }
        }
      },
      "version": 9
    },
    {
      "created_at": "1970-01-01T00:00:00Z",
      "event": {
        "Finished": {
          "result": {
            "Ok": {
              "ok": null
            }
          },
          "http_client_traces": null
        }
      },
      "version": 10
    }
  ],
  "responses": [
    {
      "created_at": "1970-01-01T00:00:00Z",
      "event": {
        "join_set_id": "g:1",
        "event": {
          "type": "ChildExecutionFinished",
          "child_execution_id": "E_00000000000000000000000000.g:1_1",
          "finished_version": 1,
          "result": {
            "Ok": {
              "ok": {
                "type": "string",
                "value": "ok"
              }
            }
          }
        }
      }
    },
    {
      "created_at": "1970-01-01T00:00:00Z",
      "event": {
        "join_set_id": "g:1",
        "event": {
          "type": "DelayFinished",
          "delay_id": "Delay_00000000000000000000000000.g:1_0",
          "result": {
            "Err": null
          }
        }
      }
    }
  ],
  "next_version": 10,
  "pending_state": {
    "status": "Finished",
    "version": 10,
    "finished_at": "1970-01-01T00:00:00Z",
    "result_kind": "ok",
    "component_id_input_digest": "sha256:0000000000000000000000000000000000000000000000000000000000000000"
  }
}
