---
source: crates/wasm-workers/src/workflow/workflow_js_worker.rs
expression: "redact_component_digest(serde_json::to_value(&replay).unwrap())"
---
{
  "captured_writes": [
    {
      "AppendBatchCreateNewExecution": {
        "current_time": "1970-01-01T00:00:00.300Z",
        "batch": [
          {
            "created_at": "1970-01-01T00:00:00.300Z",
            "event": {
              "history_event": {
                "event": {
                  "type": "join_set_request",
                  "join_set_id": "g:1",
                  "request": {
                    "type": "child_execution_request",
                    "child_execution_id": "E_00000000000000000000000001.g:1_1",
                    "target_ffqn": "testing:stub-activity/activity.foo",
                    "params": [
                      "test-input"
                    ],
                    "result": {
                      "Ok": null
                    }
                  }
                }
              }
            }
          }
        ],
        "execution_id": "E_00000000000000000000000001",
        "version": 3,
        "child_req": [
          {
            "created_at": "1970-01-01T00:00:00.300Z",
            "execution_id": "E_00000000000000000000000001.g:1_1",
            "ffqn": "testing:stub-activity/activity.foo",
            "params": [
              "test-input"
            ],
            "parent": [
              "E_00000000000000000000000001",
              "g:1"
            ],
            "scheduled_at": "1970-01-01T00:00:00.300Z",
            "component_id": {
              "component_type": "activity_stub",
              "name": "",
              "component_digest": "sha256:<REDACTED>"
            },
            "deployment_id": "Dep_00000000000000000000000000",
            "metadata": {},
            "scheduled_by": null,
            "paused": false
          }
        ],
        "backtraces": [
          {
            "execution_id": "E_00000000000000000000000001",
            "component_id": {
              "component_type": "workflow",
              "name": "test_js_workflow",
              "component_digest": "sha256:<REDACTED>"
            },
            "version_min_including": 3,
            "version_max_excluding": 4,
            "wasm_backtrace": {
              "frames": [
                {
                  "module": "unknown",
                  "func_name": "call_stub",
                  "symbols": [
                    {
                      "func_name": null,
                      "file": null,
                      "line": 4,
                      "col": 37
                    }
                  ]
                }
              ]
            }
          }
        ]
      }
    },
    {
      "AppendStubResponse": {
        "events": {
          "execution_id": "E_00000000000000000000000001.g:1_1",
          "version": 1,
          "batch": [
            {
              "created_at": "1970-01-01T00:00:00.300Z",
              "event": {
                "finished": {
                  "retval": {
                    "ok": {
                      "type": "string",
                      "value": "hello"
                    }
                  },
                  "http_client_traces": null
                }
              }
            }
          ]
        },
        "response": {
          "parent_execution_id": "E_00000000000000000000000001",
          "created_at": "1970-01-01T00:00:00.300Z",
          "join_set_id": "g:1",
          "child_execution_id": "E_00000000000000000000000001.g:1_1",
          "finished_version": 1,
          "result": {
            "ok": {
              "type": "string",
              "value": "hello"
            }
          }
        },
        "current_time": "1970-01-01T00:00:00.300Z"
      }
    }
  ]
}
