---
source: src/command/integration_tests.rs
expression: components
---
[
  {
    "component_id": {
      "component_type": "activity_wasm",
      "input_digest": "sha256:<REDACTED>",
      "name": "test_add_activity"
    }
  },
  {
    "component_id": {
      "component_type": "activity_wasm",
      "input_digest": "sha256:<REDACTED>",
      "name": "test_greet_activity"
    }
  },
  {
    "component_id": {
      "component_type": "activity_wasm",
      "input_digest": "sha256:<REDACTED>",
      "name": "test_fetch_denied_activity"
    }
  },
  {
    "component_id": {
      "component_type": "activity_wasm",
      "input_digest": "sha256:<REDACTED>",
      "name": "test_fetch_allowed_activity"
    }
  },
  {
    "component_id": {
      "component_type": "workflow",
      "input_digest": "sha256:<REDACTED>",
      "name": "test_add_workflow"
    }
  },
  {
    "component_id": {
      "component_type": "workflow",
      "input_digest": "sha256:<REDACTED>",
      "name": "test_add_via_activity_workflow"
    }
  },
  {
    "component_id": {
      "component_type": "workflow",
      "input_digest": "sha256:<REDACTED>",
      "name": "test_call_activity_workflow"
    }
  },
  {
    "component_id": {
      "component_type": "webhook_endpoint",
      "input_digest": "sha256:<REDACTED>",
      "name": "test_hello_webhook"
    }
  },
  {
    "component_id": {
      "component_type": "webhook_endpoint",
      "input_digest": "sha256:<REDACTED>",
      "name": "test_headers_webhook"
    }
  },
  {
    "component_id": {
      "component_type": "webhook_endpoint",
      "input_digest": "sha256:<REDACTED>",
      "name": "test_fetch_allowed_webhook"
    }
  },
  {
    "component_id": {
      "component_type": "webhook_endpoint",
      "input_digest": "sha256:<REDACTED>",
      "name": "test_fetch_denied_webhook"
    }
  }
]
