---
source: src/command/integration_tests.rs
expression: components
---
[
  {
    "component_id": {
      "component_digest": "sha256:<REDACTED>",
      "component_type": "activity",
      "name": "test_add_activity"
    }
  },
  {
    "component_id": {
      "component_digest": "sha256:<REDACTED>",
      "component_type": "activity",
      "name": "test_greet_activity"
    }
  },
  {
    "component_id": {
      "component_digest": "sha256:<REDACTED>",
      "component_type": "activity",
      "name": "test_fetch_denied_activity"
    }
  },
  {
    "component_id": {
      "component_digest": "sha256:<REDACTED>",
      "component_type": "activity",
      "name": "test_fetch_allowed_activity"
    }
  },
  {
    "component_id": {
      "component_digest": "sha256:<REDACTED>",
      "component_type": "activity",
      "name": "test_read_env_activity"
    }
  },
  {
    "component_id": {
      "component_digest": "sha256:<REDACTED>",
      "component_type": "activity",
      "name": "test_make_record_activity"
    }
  },
  {
    "component_id": {
      "component_digest": "sha256:<REDACTED>",
      "component_type": "activity",
      "name": "test_throw_variant_activity"
    }
  },
  {
    "component_id": {
      "component_digest": "sha256:<REDACTED>",
      "component_type": "activity",
      "name": "test_throw_null_activity"
    }
  },
  {
    "component_id": {
      "component_digest": "sha256:<REDACTED>",
      "component_type": "activity",
      "name": "test_hmac_sign_verify_activity"
    }
  },
  {
    "component_id": {
      "component_digest": "sha256:<REDACTED>",
      "component_type": "activity",
      "name": "exec-add.add"
    }
  },
  {
    "component_id": {
      "component_digest": "sha256:<REDACTED>",
      "component_type": "activity",
      "name": "exec-greet.greet-include"
    }
  },
  {
    "component_id": {
      "component_digest": "sha256:<REDACTED>",
      "component_type": "activity",
      "name": "exec-greet.greet-external"
    }
  },
  {
    "component_id": {
      "component_digest": "sha256:<REDACTED>",
      "component_type": "activity",
      "name": "exec-greet.greet-inline"
    }
  },
  {
    "component_id": {
      "component_digest": "sha256:<REDACTED>",
      "component_type": "activity",
      "name": "exec-env.read-env"
    }
  },
  {
    "component_id": {
      "component_digest": "sha256:<REDACTED>",
      "component_type": "activity",
      "name": "exec-error.fail"
    }
  },
  {
    "component_id": {
      "component_digest": "sha256:<REDACTED>",
      "component_type": "activity",
      "name": "exec-record.make-record"
    }
  },
  {
    "component_id": {
      "component_digest": "sha256:<REDACTED>",
      "component_type": "activity",
      "name": "exec-stdin.expose-secrets"
    }
  },
  {
    "component_id": {
      "component_digest": "sha256:<REDACTED>",
      "component_type": "activity",
      "name": "exec-void.void-ok"
    }
  },
  {
    "component_id": {
      "component_digest": "sha256:<REDACTED>",
      "component_type": "activity",
      "name": "exec-void.void-err"
    }
  },
  {
    "component_id": {
      "component_digest": "sha256:<REDACTED>",
      "component_type": "activity",
      "name": "exec-args.echo-args"
    }
  },
  {
    "component_id": {
      "component_digest": "sha256:<REDACTED>",
      "component_type": "activity",
      "name": "exec-stream.stream-test"
    }
  },
  {
    "component_id": {
      "component_digest": "sha256:<REDACTED>",
      "component_type": "activity_stub",
      "name": "stubs.my-stub"
    }
  },
  {
    "component_id": {
      "component_digest": "sha256:<REDACTED>",
      "component_type": "workflow",
      "name": "test_add_workflow"
    }
  },
  {
    "component_id": {
      "component_digest": "sha256:<REDACTED>",
      "component_type": "workflow",
      "name": "test_add_via_activity_workflow"
    }
  },
  {
    "component_id": {
      "component_digest": "sha256:<REDACTED>",
      "component_type": "workflow",
      "name": "test_call_activity_workflow"
    }
  },
  {
    "component_id": {
      "component_digest": "sha256:<REDACTED>",
      "component_type": "workflow",
      "name": "test_make_record_workflow"
    }
  },
  {
    "component_id": {
      "component_digest": "sha256:<REDACTED>",
      "component_type": "workflow",
      "name": "test_throw_variant_workflow"
    }
  },
  {
    "component_id": {
      "component_digest": "sha256:<REDACTED>",
      "component_type": "workflow",
      "name": "test_throw_null_workflow"
    }
  },
  {
    "component_id": {
      "component_digest": "sha256:<REDACTED>",
      "component_type": "workflow",
      "name": "test_call_stub_workflow"
    }
  },
  {
    "component_id": {
      "component_digest": "sha256:<REDACTED>",
      "component_type": "workflow",
      "name": "test_math_random_workflow"
    }
  },
  {
    "component_id": {
      "component_digest": "sha256:<REDACTED>",
      "component_type": "workflow",
      "name": "test_date_now_workflow"
    }
  },
  {
    "component_id": {
      "component_digest": "sha256:<REDACTED>",
      "component_type": "webhook_endpoint",
      "name": "test_hello_webhook"
    }
  },
  {
    "component_id": {
      "component_digest": "sha256:<REDACTED>",
      "component_type": "webhook_endpoint",
      "name": "test_headers_webhook"
    }
  },
  {
    "component_id": {
      "component_digest": "sha256:<REDACTED>",
      "component_type": "webhook_endpoint",
      "name": "test_fetch_allowed_webhook"
    }
  },
  {
    "component_id": {
      "component_digest": "sha256:<REDACTED>",
      "component_type": "webhook_endpoint",
      "name": "test_fetch_denied_webhook"
    }
  },
  {
    "component_id": {
      "component_digest": "sha256:<REDACTED>",
      "component_type": "webhook_endpoint",
      "name": "test_call_activity_webhook"
    }
  },
  {
    "component_id": {
      "component_digest": "sha256:<REDACTED>",
      "component_type": "webhook_endpoint",
      "name": "test_read_env_webhook"
    }
  },
  {
    "component_id": {
      "component_digest": "sha256:<REDACTED>",
      "component_type": "webhook_endpoint",
      "name": "test_generate_execution_id_webhook"
    }
  },
  {
    "component_id": {
      "component_digest": "sha256:<REDACTED>",
      "component_type": "webhook_endpoint",
      "name": "test_body_text_webhook"
    }
  },
  {
    "component_id": {
      "component_digest": "sha256:<REDACTED>",
      "component_type": "webhook_endpoint",
      "name": "test_body_json_webhook"
    }
  },
  {
    "component_id": {
      "component_digest": "sha256:<REDACTED>",
      "component_type": "webhook_endpoint",
      "name": "test_body_form_data_webhook"
    }
  }
]
