---
source: src/command/integration_tests.rs
expression: events
---
{
  "events": [
    {
      "created_at": "<TIMESTAMP>",
      "event": {
        "locked": {
          "component_id": {
            "component_type": "activity_js",
            "input_digest": "sha256:<REDACTED>",
            "name": "test_greet_activity"
          },
          "deployment_id": "Dep_<REDACTED>",
          "executor_id": "Exr_<REDACTED>",
          "lock_expires_at": "<TIMESTAMP>",
          "retry_config": {
            "max_retries": 0,
            "retry_exp_backoff": {
              "nanos": 100000000,
              "secs": 0
            }
          },
          "run_id": "Run_<REDACTED>"
        }
      },
      "version": 1
    },
    {
      "created_at": "<TIMESTAMP>",
      "event": {
        "finished": {
          "http_client_traces": [],
          "result": {
            "ok": {
              "ok": {
                "type": "string",
                "value": "Hello, World!"
              }
            }
          }
        }
      },
      "version": 2
    }
  ],
  "max_version": 2
}
