---
source: crates/wasm-workers/src/activity/activity_worker.rs
expression: variant
---
Some(
    WastValWithType {
        type: Variant(
            {
                "var1": Some(
                    Option(
                        Bool,
                    ),
                ),
            },
        ),
        value: Variant(
            "var1",
            Some(
                Option(
                    None,
                ),
            ),
        ),
    },
)
