---
source: crates/wasm-workers/src/activity/activity_worker.rs
expression: record
---
Some(
    WastValWithType {
        type: Record(
            {
                "a": Bool,
                "image": String,
                "b": Bool,
                "opt": Option(
                    Bool,
                ),
            },
        ),
        value: Record(
            {
                "a": Bool(
                    false,
                ),
                "image": String(
                    "foo",
                ),
                "b": Bool(
                    false,
                ),
                "opt": Option(
                    None,
                ),
            },
        ),
    },
)
