---
source: crates/utils/src/wasm_tools.rs
expression: exports
---
{
  "testing:http-workflow/workflow.get": [
    [
      {
        "type_wrapper": "String",
        "name": "url",
        "wit_type": "string"
      }
    ],
    {
      "type_wrapper": {
        "Result": {
          "ok": "String",
          "err": "String"
        }
      },
      "wit_type": "result<string, string>"
    },
    null
  ],
  "testing:http-workflow/workflow.get-successful": [
    [
      {
        "type_wrapper": "String",
        "name": "url",
        "wit_type": "string"
      }
    ],
    {
      "type_wrapper": {
        "Result": {
          "ok": "String",
          "err": "String"
        }
      },
      "wit_type": "result<string, string>"
    },
    null
  ],
  "testing:http-workflow/workflow.get-successful-concurrently": [
    [
      {
        "type_wrapper": {
          "List": "String"
        },
        "name": "urls",
        "wit_type": "list<string>"
      }
    ],
    {
      "type_wrapper": {
        "Result": {
          "ok": {
            "List": "String"
          },
          "err": "String"
        }
      },
      "wit_type": "result<list<string>, string>"
    },
    null
  ],
  "testing:http-workflow/workflow.get-successful-concurrently-stress": [
    [
      {
        "type_wrapper": "String",
        "name": "url",
        "wit_type": "string"
      },
      {
        "type_wrapper": "U32",
        "name": "concurrency",
        "wit_type": "u32"
      }
    ],
    {
      "type_wrapper": {
        "Result": {
          "ok": {
            "List": "String"
          },
          "err": "String"
        }
      },
      "wit_type": "result<list<string>, string>"
    },
    null
  ]
}
