---
source: crates/utils/src/wasm_tools.rs
expression: exports
---
{
  "testing:fibo-workflow/workflow-nesting.fibo-nested-workflow": {
    "ffqn": {
      "ifc_fqn": "testing:fibo-workflow/workflow-nesting",
      "function_name": "fibo-nested-workflow"
    },
    "parameter_types": [
      {
        "type_wrapper": "u8",
        "name": "n",
        "wit_type": "u8"
      }
    ],
    "return_type": {
      "Compatible": {
        "type_wrapper_tl": {
          "ok": "u64",
          "err": null
        },
        "wit_type": "result<u64>"
      }
    },
    "extension": null,
    "submittable": true
  },
  "testing:fibo-workflow/workflow-nesting.fibo-start-fiboas": {
    "ffqn": {
      "ifc_fqn": "testing:fibo-workflow/workflow-nesting",
      "function_name": "fibo-start-fiboas"
    },
    "parameter_types": [
      {
        "type_wrapper": "u8",
        "name": "n",
        "wit_type": "u8"
      },
      {
        "type_wrapper": "u32",
        "name": "fiboas",
        "wit_type": "u32"
      },
      {
        "type_wrapper": "u32",
        "name": "iterations-per-fiboa",
        "wit_type": "u32"
      }
    ],
    "return_type": {
      "Compatible": {
        "type_wrapper_tl": {
          "ok": "u64",
          "err": null
        },
        "wit_type": "result<u64>"
      }
    },
    "extension": null,
    "submittable": true
  },
  "testing:fibo-workflow/workflow.fiboa": {
    "ffqn": {
      "ifc_fqn": "testing:fibo-workflow/workflow",
      "function_name": "fiboa"
    },
    "parameter_types": [
      {
        "type_wrapper": "u8",
        "name": "n",
        "wit_type": "u8"
      },
      {
        "type_wrapper": "u32",
        "name": "iterations",
        "wit_type": "u32"
      }
    ],
    "return_type": {
      "Compatible": {
        "type_wrapper_tl": {
          "ok": "u64",
          "err": null
        },
        "wit_type": "result<u64>"
      }
    },
    "extension": null,
    "submittable": true
  },
  "testing:fibo-workflow/workflow.fiboa-concurrent": {
    "ffqn": {
      "ifc_fqn": "testing:fibo-workflow/workflow",
      "function_name": "fiboa-concurrent"
    },
    "parameter_types": [
      {
        "type_wrapper": "u8",
        "name": "n",
        "wit_type": "u8"
      },
      {
        "type_wrapper": "u32",
        "name": "iterations",
        "wit_type": "u32"
      }
    ],
    "return_type": {
      "Compatible": {
        "type_wrapper_tl": {
          "ok": "u64",
          "err": null
        },
        "wit_type": "result<u64>"
      }
    },
    "extension": null,
    "submittable": true
  },
  "testing:fibo-workflow/workflow.fibow": {
    "ffqn": {
      "ifc_fqn": "testing:fibo-workflow/workflow",
      "function_name": "fibow"
    },
    "parameter_types": [
      {
        "type_wrapper": "u8",
        "name": "n",
        "wit_type": "u8"
      },
      {
        "type_wrapper": "u32",
        "name": "iterations",
        "wit_type": "u32"
      }
    ],
    "return_type": {
      "Compatible": {
        "type_wrapper_tl": {
          "ok": "u64",
          "err": null
        },
        "wit_type": "result<u64>"
      }
    },
    "extension": null,
    "submittable": true
  }
}
