---
source: crates/utils/src/wasm_tools.rs
expression: imports
---
{
  "obelisk:workflow/host-activities.new-join-set": [
    [],
    {
      "type_wrapper": "String",
      "wit_type": "join-set-id"
    }
  ],
  "testing:fibo-obelisk-ext/fibo.fibo-await-next": [
    [
      {
        "type_wrapper": "String",
        "name": "join-set-id",
        "wit_type": "string"
      }
    ],
    {
      "type_wrapper": {
        "Result": {
          "ok": {
            "Tuple": [
              "String",
              "U64"
            ]
          },
          "err": {
            "Tuple": [
              "String",
              {
                "Variant": {
                  "non-determinism": null,
                  "permanent-failure": "String",
                  "permanent-timeout": null
                }
              }
            ]
          }
        }
      },
      "wit_type": "result<tuple<execution-id, u64>, tuple<execution-id, execution-error>>"
    }
  ],
  "testing:fibo-obelisk-ext/fibo.fibo-submit": [
    [
      {
        "type_wrapper": "String",
        "name": "join-set-id",
        "wit_type": "string"
      },
      {
        "type_wrapper": "U8",
        "name": "n",
        "wit_type": "u8"
      }
    ],
    {
      "type_wrapper": "String",
      "wit_type": "string"
    }
  ],
  "testing:fibo-workflow-obelisk-ext/workflow.fiboa-concurrent-await-next": [
    [
      {
        "type_wrapper": "String",
        "name": "join-set-id",
        "wit_type": "string"
      }
    ],
    {
      "type_wrapper": {
        "Result": {
          "ok": {
            "Tuple": [
              "String",
              "U64"
            ]
          },
          "err": {
            "Tuple": [
              "String",
              {
                "Variant": {
                  "non-determinism": null,
                  "permanent-failure": "String",
                  "permanent-timeout": null
                }
              }
            ]
          }
        }
      },
      "wit_type": "result<tuple<execution-id, u64>, tuple<execution-id, execution-error>>"
    }
  ],
  "testing:fibo-workflow-obelisk-ext/workflow.fiboa-concurrent-submit": [
    [
      {
        "type_wrapper": "String",
        "name": "join-set-id",
        "wit_type": "string"
      },
      {
        "type_wrapper": "U8",
        "name": "n",
        "wit_type": "u8"
      },
      {
        "type_wrapper": "U32",
        "name": "iterations",
        "wit_type": "u32"
      }
    ],
    {
      "type_wrapper": "String",
      "wit_type": "string"
    }
  ],
  "testing:fibo-workflow/workflow-nesting.fibo-nested-workflow": [
    [
      {
        "type_wrapper": "U8",
        "name": "n",
        "wit_type": "u8"
      }
    ],
    {
      "type_wrapper": "U64",
      "wit_type": "u64"
    }
  ],
  "testing:fibo/fibo.fibo": [
    [
      {
        "type_wrapper": "U8",
        "name": "n",
        "wit_type": "u8"
      }
    ],
    {
      "type_wrapper": "U64",
      "wit_type": "u64"
    }
  ]
}
