---
source: crates/utils/src/wasm_tools.rs
expression: exports
---
{
  "testing:fibo-workflow-obelisk-ext/workflow-nesting.fibo-nested-workflow-await-next": {
    "ffqn": {
      "ifc_fqn": "testing:fibo-workflow-obelisk-ext/workflow-nesting",
      "function_name": "fibo-nested-workflow-await-next"
    },
    "parameter_types": [
      {
        "type_wrapper": "borrow",
        "name": "join-set-id",
        "wit_type": "borrow<join-set-id>"
      }
    ],
    "return_type": {
      "type_wrapper": {
        "result": {
          "ok": {
            "tuple": [
              {
                "record": {
                  "id": "string"
                }
              },
              "u64"
            ]
          },
          "err": {
            "variant": {
              "all-processed": null,
              "execution-failed": {
                "record": {
                  "execution-id": {
                    "record": {
                      "id": "string"
                    }
                  }
                }
              },
              "function-mismatch": {
                "record": {
                  "actual-function": {
                    "option": {
                      "record": {
                        "function-name": "string",
                        "interface-name": "string"
                      }
                    }
                  },
                  "actual-id": {
                    "variant": {
                      "delay-id": {
                        "record": {
                          "id": "string"
                        }
                      },
                      "execution-id": {
                        "record": {
                          "id": "string"
                        }
                      }
                    }
                  },
                  "specified-function": {
                    "record": {
                      "function-name": "string",
                      "interface-name": "string"
                    }
                  }
                }
              }
            }
          }
        }
      },
      "wit_type": "result<tuple<execution-id, u64>, await-next-extension-error>"
    },
    "extension": "await_next",
    "submittable": false
  },
  "testing:fibo-workflow-obelisk-ext/workflow-nesting.fibo-nested-workflow-get": {
    "ffqn": {
      "ifc_fqn": "testing:fibo-workflow-obelisk-ext/workflow-nesting",
      "function_name": "fibo-nested-workflow-get"
    },
    "parameter_types": [
      {
        "type_wrapper": {
          "record": {
            "id": "string"
          }
        },
        "name": "execution-id",
        "wit_type": "execution-id"
      }
    ],
    "return_type": {
      "type_wrapper": {
        "result": {
          "ok": "u64",
          "err": {
            "variant": {
              "execution-failed": {
                "record": {
                  "execution-id": {
                    "record": {
                      "id": "string"
                    }
                  }
                }
              },
              "function-mismatch": {
                "record": {
                  "actual-function": {
                    "option": {
                      "record": {
                        "function-name": "string",
                        "interface-name": "string"
                      }
                    }
                  },
                  "actual-id": {
                    "variant": {
                      "delay-id": {
                        "record": {
                          "id": "string"
                        }
                      },
                      "execution-id": {
                        "record": {
                          "id": "string"
                        }
                      }
                    }
                  },
                  "specified-function": {
                    "record": {
                      "function-name": "string",
                      "interface-name": "string"
                    }
                  }
                }
              },
              "not-found-in-processed-responses": null
            }
          }
        }
      },
      "wit_type": "result<u64, get-extension-error>"
    },
    "extension": "get",
    "submittable": false
  },
  "testing:fibo-workflow-obelisk-ext/workflow-nesting.fibo-nested-workflow-invoke": {
    "ffqn": {
      "ifc_fqn": "testing:fibo-workflow-obelisk-ext/workflow-nesting",
      "function_name": "fibo-nested-workflow-invoke"
    },
    "parameter_types": [
      {
        "type_wrapper": "u8",
        "name": "n",
        "wit_type": "u8"
      }
    ],
    "return_type": {
      "type_wrapper": {
        "result": {
          "ok": "u64",
          "err": {
            "record": {
              "execution-id": {
                "record": {
                  "id": "string"
                }
              }
            }
          }
        }
      },
      "wit_type": "result<u64, execution-failed>"
    },
    "extension": "invoke",
    "submittable": false
  },
  "testing:fibo-workflow-obelisk-ext/workflow-nesting.fibo-nested-workflow-submit": {
    "ffqn": {
      "ifc_fqn": "testing:fibo-workflow-obelisk-ext/workflow-nesting",
      "function_name": "fibo-nested-workflow-submit"
    },
    "parameter_types": [
      {
        "type_wrapper": "borrow",
        "name": "join-set-id",
        "wit_type": "borrow<join-set-id>"
      },
      {
        "type_wrapper": "u8",
        "name": "n",
        "wit_type": "u8"
      }
    ],
    "return_type": {
      "type_wrapper": {
        "record": {
          "id": "string"
        }
      },
      "wit_type": "execution-id"
    },
    "extension": "submit",
    "submittable": false
  },
  "testing:fibo-workflow-obelisk-ext/workflow-nesting.fibo-start-fiboas-await-next": {
    "ffqn": {
      "ifc_fqn": "testing:fibo-workflow-obelisk-ext/workflow-nesting",
      "function_name": "fibo-start-fiboas-await-next"
    },
    "parameter_types": [
      {
        "type_wrapper": "borrow",
        "name": "join-set-id",
        "wit_type": "borrow<join-set-id>"
      }
    ],
    "return_type": {
      "type_wrapper": {
        "result": {
          "ok": {
            "tuple": [
              {
                "record": {
                  "id": "string"
                }
              },
              "u64"
            ]
          },
          "err": {
            "variant": {
              "all-processed": null,
              "execution-failed": {
                "record": {
                  "execution-id": {
                    "record": {
                      "id": "string"
                    }
                  }
                }
              },
              "function-mismatch": {
                "record": {
                  "actual-function": {
                    "option": {
                      "record": {
                        "function-name": "string",
                        "interface-name": "string"
                      }
                    }
                  },
                  "actual-id": {
                    "variant": {
                      "delay-id": {
                        "record": {
                          "id": "string"
                        }
                      },
                      "execution-id": {
                        "record": {
                          "id": "string"
                        }
                      }
                    }
                  },
                  "specified-function": {
                    "record": {
                      "function-name": "string",
                      "interface-name": "string"
                    }
                  }
                }
              }
            }
          }
        }
      },
      "wit_type": "result<tuple<execution-id, u64>, await-next-extension-error>"
    },
    "extension": "await_next",
    "submittable": false
  },
  "testing:fibo-workflow-obelisk-ext/workflow-nesting.fibo-start-fiboas-get": {
    "ffqn": {
      "ifc_fqn": "testing:fibo-workflow-obelisk-ext/workflow-nesting",
      "function_name": "fibo-start-fiboas-get"
    },
    "parameter_types": [
      {
        "type_wrapper": {
          "record": {
            "id": "string"
          }
        },
        "name": "execution-id",
        "wit_type": "execution-id"
      }
    ],
    "return_type": {
      "type_wrapper": {
        "result": {
          "ok": "u64",
          "err": {
            "variant": {
              "execution-failed": {
                "record": {
                  "execution-id": {
                    "record": {
                      "id": "string"
                    }
                  }
                }
              },
              "function-mismatch": {
                "record": {
                  "actual-function": {
                    "option": {
                      "record": {
                        "function-name": "string",
                        "interface-name": "string"
                      }
                    }
                  },
                  "actual-id": {
                    "variant": {
                      "delay-id": {
                        "record": {
                          "id": "string"
                        }
                      },
                      "execution-id": {
                        "record": {
                          "id": "string"
                        }
                      }
                    }
                  },
                  "specified-function": {
                    "record": {
                      "function-name": "string",
                      "interface-name": "string"
                    }
                  }
                }
              },
              "not-found-in-processed-responses": null
            }
          }
        }
      },
      "wit_type": "result<u64, get-extension-error>"
    },
    "extension": "get",
    "submittable": false
  },
  "testing:fibo-workflow-obelisk-ext/workflow-nesting.fibo-start-fiboas-invoke": {
    "ffqn": {
      "ifc_fqn": "testing:fibo-workflow-obelisk-ext/workflow-nesting",
      "function_name": "fibo-start-fiboas-invoke"
    },
    "parameter_types": [
      {
        "type_wrapper": "u8",
        "name": "n",
        "wit_type": "u8"
      },
      {
        "type_wrapper": "u32",
        "name": "fiboas",
        "wit_type": "u32"
      },
      {
        "type_wrapper": "u32",
        "name": "iterations-per-fiboa",
        "wit_type": "u32"
      }
    ],
    "return_type": {
      "type_wrapper": {
        "result": {
          "ok": "u64",
          "err": {
            "record": {
              "execution-id": {
                "record": {
                  "id": "string"
                }
              }
            }
          }
        }
      },
      "wit_type": "result<u64, execution-failed>"
    },
    "extension": "invoke",
    "submittable": false
  },
  "testing:fibo-workflow-obelisk-ext/workflow-nesting.fibo-start-fiboas-submit": {
    "ffqn": {
      "ifc_fqn": "testing:fibo-workflow-obelisk-ext/workflow-nesting",
      "function_name": "fibo-start-fiboas-submit"
    },
    "parameter_types": [
      {
        "type_wrapper": "borrow",
        "name": "join-set-id",
        "wit_type": "borrow<join-set-id>"
      },
      {
        "type_wrapper": "u8",
        "name": "n",
        "wit_type": "u8"
      },
      {
        "type_wrapper": "u32",
        "name": "fiboas",
        "wit_type": "u32"
      },
      {
        "type_wrapper": "u32",
        "name": "iterations-per-fiboa",
        "wit_type": "u32"
      }
    ],
    "return_type": {
      "type_wrapper": {
        "record": {
          "id": "string"
        }
      },
      "wit_type": "execution-id"
    },
    "extension": "submit",
    "submittable": false
  },
  "testing:fibo-workflow-obelisk-ext/workflow.fiboa-await-next": {
    "ffqn": {
      "ifc_fqn": "testing:fibo-workflow-obelisk-ext/workflow",
      "function_name": "fiboa-await-next"
    },
    "parameter_types": [
      {
        "type_wrapper": "borrow",
        "name": "join-set-id",
        "wit_type": "borrow<join-set-id>"
      }
    ],
    "return_type": {
      "type_wrapper": {
        "result": {
          "ok": {
            "tuple": [
              {
                "record": {
                  "id": "string"
                }
              },
              "u64"
            ]
          },
          "err": {
            "variant": {
              "all-processed": null,
              "execution-failed": {
                "record": {
                  "execution-id": {
                    "record": {
                      "id": "string"
                    }
                  }
                }
              },
              "function-mismatch": {
                "record": {
                  "actual-function": {
                    "option": {
                      "record": {
                        "function-name": "string",
                        "interface-name": "string"
                      }
                    }
                  },
                  "actual-id": {
                    "variant": {
                      "delay-id": {
                        "record": {
                          "id": "string"
                        }
                      },
                      "execution-id": {
                        "record": {
                          "id": "string"
                        }
                      }
                    }
                  },
                  "specified-function": {
                    "record": {
                      "function-name": "string",
                      "interface-name": "string"
                    }
                  }
                }
              }
            }
          }
        }
      },
      "wit_type": "result<tuple<execution-id, u64>, await-next-extension-error>"
    },
    "extension": "await_next",
    "submittable": false
  },
  "testing:fibo-workflow-obelisk-ext/workflow.fiboa-concurrent-await-next": {
    "ffqn": {
      "ifc_fqn": "testing:fibo-workflow-obelisk-ext/workflow",
      "function_name": "fiboa-concurrent-await-next"
    },
    "parameter_types": [
      {
        "type_wrapper": "borrow",
        "name": "join-set-id",
        "wit_type": "borrow<join-set-id>"
      }
    ],
    "return_type": {
      "type_wrapper": {
        "result": {
          "ok": {
            "tuple": [
              {
                "record": {
                  "id": "string"
                }
              },
              "u64"
            ]
          },
          "err": {
            "variant": {
              "all-processed": null,
              "execution-failed": {
                "record": {
                  "execution-id": {
                    "record": {
                      "id": "string"
                    }
                  }
                }
              },
              "function-mismatch": {
                "record": {
                  "actual-function": {
                    "option": {
                      "record": {
                        "function-name": "string",
                        "interface-name": "string"
                      }
                    }
                  },
                  "actual-id": {
                    "variant": {
                      "delay-id": {
                        "record": {
                          "id": "string"
                        }
                      },
                      "execution-id": {
                        "record": {
                          "id": "string"
                        }
                      }
                    }
                  },
                  "specified-function": {
                    "record": {
                      "function-name": "string",
                      "interface-name": "string"
                    }
                  }
                }
              }
            }
          }
        }
      },
      "wit_type": "result<tuple<execution-id, u64>, await-next-extension-error>"
    },
    "extension": "await_next",
    "submittable": false
  },
  "testing:fibo-workflow-obelisk-ext/workflow.fiboa-concurrent-get": {
    "ffqn": {
      "ifc_fqn": "testing:fibo-workflow-obelisk-ext/workflow",
      "function_name": "fiboa-concurrent-get"
    },
    "parameter_types": [
      {
        "type_wrapper": {
          "record": {
            "id": "string"
          }
        },
        "name": "execution-id",
        "wit_type": "execution-id"
      }
    ],
    "return_type": {
      "type_wrapper": {
        "result": {
          "ok": "u64",
          "err": {
            "variant": {
              "execution-failed": {
                "record": {
                  "execution-id": {
                    "record": {
                      "id": "string"
                    }
                  }
                }
              },
              "function-mismatch": {
                "record": {
                  "actual-function": {
                    "option": {
                      "record": {
                        "function-name": "string",
                        "interface-name": "string"
                      }
                    }
                  },
                  "actual-id": {
                    "variant": {
                      "delay-id": {
                        "record": {
                          "id": "string"
                        }
                      },
                      "execution-id": {
                        "record": {
                          "id": "string"
                        }
                      }
                    }
                  },
                  "specified-function": {
                    "record": {
                      "function-name": "string",
                      "interface-name": "string"
                    }
                  }
                }
              },
              "not-found-in-processed-responses": null
            }
          }
        }
      },
      "wit_type": "result<u64, get-extension-error>"
    },
    "extension": "get",
    "submittable": false
  },
  "testing:fibo-workflow-obelisk-ext/workflow.fiboa-concurrent-invoke": {
    "ffqn": {
      "ifc_fqn": "testing:fibo-workflow-obelisk-ext/workflow",
      "function_name": "fiboa-concurrent-invoke"
    },
    "parameter_types": [
      {
        "type_wrapper": "u8",
        "name": "n",
        "wit_type": "u8"
      },
      {
        "type_wrapper": "u32",
        "name": "iterations",
        "wit_type": "u32"
      }
    ],
    "return_type": {
      "type_wrapper": {
        "result": {
          "ok": "u64",
          "err": {
            "record": {
              "execution-id": {
                "record": {
                  "id": "string"
                }
              }
            }
          }
        }
      },
      "wit_type": "result<u64, execution-failed>"
    },
    "extension": "invoke",
    "submittable": false
  },
  "testing:fibo-workflow-obelisk-ext/workflow.fiboa-concurrent-submit": {
    "ffqn": {
      "ifc_fqn": "testing:fibo-workflow-obelisk-ext/workflow",
      "function_name": "fiboa-concurrent-submit"
    },
    "parameter_types": [
      {
        "type_wrapper": "borrow",
        "name": "join-set-id",
        "wit_type": "borrow<join-set-id>"
      },
      {
        "type_wrapper": "u8",
        "name": "n",
        "wit_type": "u8"
      },
      {
        "type_wrapper": "u32",
        "name": "iterations",
        "wit_type": "u32"
      }
    ],
    "return_type": {
      "type_wrapper": {
        "record": {
          "id": "string"
        }
      },
      "wit_type": "execution-id"
    },
    "extension": "submit",
    "submittable": false
  },
  "testing:fibo-workflow-obelisk-ext/workflow.fiboa-get": {
    "ffqn": {
      "ifc_fqn": "testing:fibo-workflow-obelisk-ext/workflow",
      "function_name": "fiboa-get"
    },
    "parameter_types": [
      {
        "type_wrapper": {
          "record": {
            "id": "string"
          }
        },
        "name": "execution-id",
        "wit_type": "execution-id"
      }
    ],
    "return_type": {
      "type_wrapper": {
        "result": {
          "ok": "u64",
          "err": {
            "variant": {
              "execution-failed": {
                "record": {
                  "execution-id": {
                    "record": {
                      "id": "string"
                    }
                  }
                }
              },
              "function-mismatch": {
                "record": {
                  "actual-function": {
                    "option": {
                      "record": {
                        "function-name": "string",
                        "interface-name": "string"
                      }
                    }
                  },
                  "actual-id": {
                    "variant": {
                      "delay-id": {
                        "record": {
                          "id": "string"
                        }
                      },
                      "execution-id": {
                        "record": {
                          "id": "string"
                        }
                      }
                    }
                  },
                  "specified-function": {
                    "record": {
                      "function-name": "string",
                      "interface-name": "string"
                    }
                  }
                }
              },
              "not-found-in-processed-responses": null
            }
          }
        }
      },
      "wit_type": "result<u64, get-extension-error>"
    },
    "extension": "get",
    "submittable": false
  },
  "testing:fibo-workflow-obelisk-ext/workflow.fiboa-invoke": {
    "ffqn": {
      "ifc_fqn": "testing:fibo-workflow-obelisk-ext/workflow",
      "function_name": "fiboa-invoke"
    },
    "parameter_types": [
      {
        "type_wrapper": "u8",
        "name": "n",
        "wit_type": "u8"
      },
      {
        "type_wrapper": "u32",
        "name": "iterations",
        "wit_type": "u32"
      }
    ],
    "return_type": {
      "type_wrapper": {
        "result": {
          "ok": "u64",
          "err": {
            "record": {
              "execution-id": {
                "record": {
                  "id": "string"
                }
              }
            }
          }
        }
      },
      "wit_type": "result<u64, execution-failed>"
    },
    "extension": "invoke",
    "submittable": false
  },
  "testing:fibo-workflow-obelisk-ext/workflow.fiboa-submit": {
    "ffqn": {
      "ifc_fqn": "testing:fibo-workflow-obelisk-ext/workflow",
      "function_name": "fiboa-submit"
    },
    "parameter_types": [
      {
        "type_wrapper": "borrow",
        "name": "join-set-id",
        "wit_type": "borrow<join-set-id>"
      },
      {
        "type_wrapper": "u8",
        "name": "n",
        "wit_type": "u8"
      },
      {
        "type_wrapper": "u32",
        "name": "iterations",
        "wit_type": "u32"
      }
    ],
    "return_type": {
      "type_wrapper": {
        "record": {
          "id": "string"
        }
      },
      "wit_type": "execution-id"
    },
    "extension": "submit",
    "submittable": false
  },
  "testing:fibo-workflow-obelisk-ext/workflow.fibow-await-next": {
    "ffqn": {
      "ifc_fqn": "testing:fibo-workflow-obelisk-ext/workflow",
      "function_name": "fibow-await-next"
    },
    "parameter_types": [
      {
        "type_wrapper": "borrow",
        "name": "join-set-id",
        "wit_type": "borrow<join-set-id>"
      }
    ],
    "return_type": {
      "type_wrapper": {
        "result": {
          "ok": {
            "tuple": [
              {
                "record": {
                  "id": "string"
                }
              },
              "u64"
            ]
          },
          "err": {
            "variant": {
              "all-processed": null,
              "execution-failed": {
                "record": {
                  "execution-id": {
                    "record": {
                      "id": "string"
                    }
                  }
                }
              },
              "function-mismatch": {
                "record": {
                  "actual-function": {
                    "option": {
                      "record": {
                        "function-name": "string",
                        "interface-name": "string"
                      }
                    }
                  },
                  "actual-id": {
                    "variant": {
                      "delay-id": {
                        "record": {
                          "id": "string"
                        }
                      },
                      "execution-id": {
                        "record": {
                          "id": "string"
                        }
                      }
                    }
                  },
                  "specified-function": {
                    "record": {
                      "function-name": "string",
                      "interface-name": "string"
                    }
                  }
                }
              }
            }
          }
        }
      },
      "wit_type": "result<tuple<execution-id, u64>, await-next-extension-error>"
    },
    "extension": "await_next",
    "submittable": false
  },
  "testing:fibo-workflow-obelisk-ext/workflow.fibow-get": {
    "ffqn": {
      "ifc_fqn": "testing:fibo-workflow-obelisk-ext/workflow",
      "function_name": "fibow-get"
    },
    "parameter_types": [
      {
        "type_wrapper": {
          "record": {
            "id": "string"
          }
        },
        "name": "execution-id",
        "wit_type": "execution-id"
      }
    ],
    "return_type": {
      "type_wrapper": {
        "result": {
          "ok": "u64",
          "err": {
            "variant": {
              "execution-failed": {
                "record": {
                  "execution-id": {
                    "record": {
                      "id": "string"
                    }
                  }
                }
              },
              "function-mismatch": {
                "record": {
                  "actual-function": {
                    "option": {
                      "record": {
                        "function-name": "string",
                        "interface-name": "string"
                      }
                    }
                  },
                  "actual-id": {
                    "variant": {
                      "delay-id": {
                        "record": {
                          "id": "string"
                        }
                      },
                      "execution-id": {
                        "record": {
                          "id": "string"
                        }
                      }
                    }
                  },
                  "specified-function": {
                    "record": {
                      "function-name": "string",
                      "interface-name": "string"
                    }
                  }
                }
              },
              "not-found-in-processed-responses": null
            }
          }
        }
      },
      "wit_type": "result<u64, get-extension-error>"
    },
    "extension": "get",
    "submittable": false
  },
  "testing:fibo-workflow-obelisk-ext/workflow.fibow-invoke": {
    "ffqn": {
      "ifc_fqn": "testing:fibo-workflow-obelisk-ext/workflow",
      "function_name": "fibow-invoke"
    },
    "parameter_types": [
      {
        "type_wrapper": "u8",
        "name": "n",
        "wit_type": "u8"
      },
      {
        "type_wrapper": "u32",
        "name": "iterations",
        "wit_type": "u32"
      }
    ],
    "return_type": {
      "type_wrapper": {
        "result": {
          "ok": "u64",
          "err": {
            "record": {
              "execution-id": {
                "record": {
                  "id": "string"
                }
              }
            }
          }
        }
      },
      "wit_type": "result<u64, execution-failed>"
    },
    "extension": "invoke",
    "submittable": false
  },
  "testing:fibo-workflow-obelisk-ext/workflow.fibow-submit": {
    "ffqn": {
      "ifc_fqn": "testing:fibo-workflow-obelisk-ext/workflow",
      "function_name": "fibow-submit"
    },
    "parameter_types": [
      {
        "type_wrapper": "borrow",
        "name": "join-set-id",
        "wit_type": "borrow<join-set-id>"
      },
      {
        "type_wrapper": "u8",
        "name": "n",
        "wit_type": "u8"
      },
      {
        "type_wrapper": "u32",
        "name": "iterations",
        "wit_type": "u32"
      }
    ],
    "return_type": {
      "type_wrapper": {
        "record": {
          "id": "string"
        }
      },
      "wit_type": "execution-id"
    },
    "extension": "submit",
    "submittable": false
  },
  "testing:fibo-workflow-obelisk-schedule/workflow-nesting.fibo-nested-workflow-schedule": {
    "ffqn": {
      "ifc_fqn": "testing:fibo-workflow-obelisk-schedule/workflow-nesting",
      "function_name": "fibo-nested-workflow-schedule"
    },
    "parameter_types": [
      {
        "type_wrapper": {
          "variant": {
            "at": {
              "record": {
                "nanoseconds": "u32",
                "seconds": "u64"
              }
            },
            "in": {
              "variant": {
                "days": "u32",
                "hours": "u32",
                "milliseconds": "u64",
                "minutes": "u32",
                "seconds": "u64"
              }
            },
            "now": null
          }
        },
        "name": "scheduled-at",
        "wit_type": "schedule-at"
      },
      {
        "type_wrapper": "u8",
        "name": "n",
        "wit_type": "u8"
      }
    ],
    "return_type": {
      "type_wrapper": {
        "record": {
          "id": "string"
        }
      },
      "wit_type": "execution-id"
    },
    "extension": "schedule",
    "submittable": true
  },
  "testing:fibo-workflow-obelisk-schedule/workflow-nesting.fibo-start-fiboas-schedule": {
    "ffqn": {
      "ifc_fqn": "testing:fibo-workflow-obelisk-schedule/workflow-nesting",
      "function_name": "fibo-start-fiboas-schedule"
    },
    "parameter_types": [
      {
        "type_wrapper": {
          "variant": {
            "at": {
              "record": {
                "nanoseconds": "u32",
                "seconds": "u64"
              }
            },
            "in": {
              "variant": {
                "days": "u32",
                "hours": "u32",
                "milliseconds": "u64",
                "minutes": "u32",
                "seconds": "u64"
              }
            },
            "now": null
          }
        },
        "name": "scheduled-at",
        "wit_type": "schedule-at"
      },
      {
        "type_wrapper": "u8",
        "name": "n",
        "wit_type": "u8"
      },
      {
        "type_wrapper": "u32",
        "name": "fiboas",
        "wit_type": "u32"
      },
      {
        "type_wrapper": "u32",
        "name": "iterations-per-fiboa",
        "wit_type": "u32"
      }
    ],
    "return_type": {
      "type_wrapper": {
        "record": {
          "id": "string"
        }
      },
      "wit_type": "execution-id"
    },
    "extension": "schedule",
    "submittable": true
  },
  "testing:fibo-workflow-obelisk-schedule/workflow.fiboa-concurrent-schedule": {
    "ffqn": {
      "ifc_fqn": "testing:fibo-workflow-obelisk-schedule/workflow",
      "function_name": "fiboa-concurrent-schedule"
    },
    "parameter_types": [
      {
        "type_wrapper": {
          "variant": {
            "at": {
              "record": {
                "nanoseconds": "u32",
                "seconds": "u64"
              }
            },
            "in": {
              "variant": {
                "days": "u32",
                "hours": "u32",
                "milliseconds": "u64",
                "minutes": "u32",
                "seconds": "u64"
              }
            },
            "now": null
          }
        },
        "name": "scheduled-at",
        "wit_type": "schedule-at"
      },
      {
        "type_wrapper": "u8",
        "name": "n",
        "wit_type": "u8"
      },
      {
        "type_wrapper": "u32",
        "name": "iterations",
        "wit_type": "u32"
      }
    ],
    "return_type": {
      "type_wrapper": {
        "record": {
          "id": "string"
        }
      },
      "wit_type": "execution-id"
    },
    "extension": "schedule",
    "submittable": true
  },
  "testing:fibo-workflow-obelisk-schedule/workflow.fiboa-schedule": {
    "ffqn": {
      "ifc_fqn": "testing:fibo-workflow-obelisk-schedule/workflow",
      "function_name": "fiboa-schedule"
    },
    "parameter_types": [
      {
        "type_wrapper": {
          "variant": {
            "at": {
              "record": {
                "nanoseconds": "u32",
                "seconds": "u64"
              }
            },
            "in": {
              "variant": {
                "days": "u32",
                "hours": "u32",
                "milliseconds": "u64",
                "minutes": "u32",
                "seconds": "u64"
              }
            },
            "now": null
          }
        },
        "name": "scheduled-at",
        "wit_type": "schedule-at"
      },
      {
        "type_wrapper": "u8",
        "name": "n",
        "wit_type": "u8"
      },
      {
        "type_wrapper": "u32",
        "name": "iterations",
        "wit_type": "u32"
      }
    ],
    "return_type": {
      "type_wrapper": {
        "record": {
          "id": "string"
        }
      },
      "wit_type": "execution-id"
    },
    "extension": "schedule",
    "submittable": true
  },
  "testing:fibo-workflow-obelisk-schedule/workflow.fibow-schedule": {
    "ffqn": {
      "ifc_fqn": "testing:fibo-workflow-obelisk-schedule/workflow",
      "function_name": "fibow-schedule"
    },
    "parameter_types": [
      {
        "type_wrapper": {
          "variant": {
            "at": {
              "record": {
                "nanoseconds": "u32",
                "seconds": "u64"
              }
            },
            "in": {
              "variant": {
                "days": "u32",
                "hours": "u32",
                "milliseconds": "u64",
                "minutes": "u32",
                "seconds": "u64"
              }
            },
            "now": null
          }
        },
        "name": "scheduled-at",
        "wit_type": "schedule-at"
      },
      {
        "type_wrapper": "u8",
        "name": "n",
        "wit_type": "u8"
      },
      {
        "type_wrapper": "u32",
        "name": "iterations",
        "wit_type": "u32"
      }
    ],
    "return_type": {
      "type_wrapper": {
        "record": {
          "id": "string"
        }
      },
      "wit_type": "execution-id"
    },
    "extension": "schedule",
    "submittable": true
  },
  "testing:fibo-workflow/workflow-nesting.fibo-nested-workflow": {
    "ffqn": {
      "ifc_fqn": "testing:fibo-workflow/workflow-nesting",
      "function_name": "fibo-nested-workflow"
    },
    "parameter_types": [
      {
        "type_wrapper": "u8",
        "name": "n",
        "wit_type": "u8"
      }
    ],
    "return_type": {
      "type_wrapper": "u64",
      "wit_type": "u64"
    },
    "extension": null,
    "submittable": true
  },
  "testing:fibo-workflow/workflow-nesting.fibo-start-fiboas": {
    "ffqn": {
      "ifc_fqn": "testing:fibo-workflow/workflow-nesting",
      "function_name": "fibo-start-fiboas"
    },
    "parameter_types": [
      {
        "type_wrapper": "u8",
        "name": "n",
        "wit_type": "u8"
      },
      {
        "type_wrapper": "u32",
        "name": "fiboas",
        "wit_type": "u32"
      },
      {
        "type_wrapper": "u32",
        "name": "iterations-per-fiboa",
        "wit_type": "u32"
      }
    ],
    "return_type": {
      "type_wrapper": "u64",
      "wit_type": "u64"
    },
    "extension": null,
    "submittable": true
  },
  "testing:fibo-workflow/workflow.fiboa": {
    "ffqn": {
      "ifc_fqn": "testing:fibo-workflow/workflow",
      "function_name": "fiboa"
    },
    "parameter_types": [
      {
        "type_wrapper": "u8",
        "name": "n",
        "wit_type": "u8"
      },
      {
        "type_wrapper": "u32",
        "name": "iterations",
        "wit_type": "u32"
      }
    ],
    "return_type": {
      "type_wrapper": "u64",
      "wit_type": "u64"
    },
    "extension": null,
    "submittable": true
  },
  "testing:fibo-workflow/workflow.fiboa-concurrent": {
    "ffqn": {
      "ifc_fqn": "testing:fibo-workflow/workflow",
      "function_name": "fiboa-concurrent"
    },
    "parameter_types": [
      {
        "type_wrapper": "u8",
        "name": "n",
        "wit_type": "u8"
      },
      {
        "type_wrapper": "u32",
        "name": "iterations",
        "wit_type": "u32"
      }
    ],
    "return_type": {
      "type_wrapper": "u64",
      "wit_type": "u64"
    },
    "extension": null,
    "submittable": true
  },
  "testing:fibo-workflow/workflow.fibow": {
    "ffqn": {
      "ifc_fqn": "testing:fibo-workflow/workflow",
      "function_name": "fibow"
    },
    "parameter_types": [
      {
        "type_wrapper": "u8",
        "name": "n",
        "wit_type": "u8"
      },
      {
        "type_wrapper": "u32",
        "name": "iterations",
        "wit_type": "u32"
      }
    ],
    "return_type": {
      "type_wrapper": "u64",
      "wit_type": "u64"
    },
    "extension": null,
    "submittable": true
  }
}
