---
source: crates/utils/src/wasm_tools.rs
expression: imports
---
{
  "obelisk:workflow/host-activities.new-join-set": [
    [],
    {
      "type_wrapper": "String",
      "wit_type": "string"
    }
  ],
  "testing:http-obelisk-ext/http-get.get-successful-await-next": [
    [
      {
        "name": "join-set-id",
        "wit_type": "string",
        "type_wrapper": "String"
      }
    ],
    {
      "type_wrapper": {
        "Result": {
          "ok": "String",
          "err": "String"
        }
      },
      "wit_type": "result<string, string>"
    }
  ],
  "testing:http-obelisk-ext/http-get.get-successful-future": [
    [
      {
        "name": "join-set-id",
        "wit_type": "string",
        "type_wrapper": "String"
      },
      {
        "name": "url",
        "wit_type": "string",
        "type_wrapper": "String"
      }
    ],
    {
      "type_wrapper": "String",
      "wit_type": "string"
    }
  ],
  "testing:http/http-get.get": [
    [
      {
        "name": "url",
        "wit_type": "string",
        "type_wrapper": "String"
      }
    ],
    {
      "type_wrapper": {
        "Result": {
          "ok": "String",
          "err": "String"
        }
      },
      "wit_type": "result<string, string>"
    }
  ],
  "testing:http/http-get.get-successful": [
    [
      {
        "name": "url",
        "wit_type": "string",
        "type_wrapper": "String"
      }
    ],
    {
      "type_wrapper": {
        "Result": {
          "ok": "String",
          "err": "String"
        }
      },
      "wit_type": "result<string, string>"
    }
  ]
}
