---
source: crates/utils/src/wasm_tools.rs
expression: exports
---
{
  "testing:fibo-workflow/workflow-nesting.fibo-nested-workflow": [
    [
      {
        "type_wrapper": "U8",
        "name": "n",
        "wit_type": "u8"
      }
    ],
    {
      "type_wrapper": "U64",
      "wit_type": "u64"
    }
  ],
  "testing:fibo-workflow/workflow-nesting.fibo-start-fiboas": [
    [
      {
        "type_wrapper": "U8",
        "name": "n",
        "wit_type": "u8"
      },
      {
        "type_wrapper": "U32",
        "name": "fiboas",
        "wit_type": "u32"
      },
      {
        "type_wrapper": "U32",
        "name": "iterations-per-fiboa",
        "wit_type": "u32"
      }
    ],
    {
      "type_wrapper": "U64",
      "wit_type": "u64"
    }
  ],
  "testing:fibo-workflow/workflow.fiboa": [
    [
      {
        "type_wrapper": "U8",
        "name": "n",
        "wit_type": "u8"
      },
      {
        "type_wrapper": "U32",
        "name": "iterations",
        "wit_type": "u32"
      }
    ],
    {
      "type_wrapper": "U64",
      "wit_type": "u64"
    }
  ],
  "testing:fibo-workflow/workflow.fiboa-concurrent": [
    [
      {
        "type_wrapper": "U8",
        "name": "n",
        "wit_type": "u8"
      },
      {
        "type_wrapper": "U32",
        "name": "iterations",
        "wit_type": "u32"
      }
    ],
    {
      "type_wrapper": "U64",
      "wit_type": "u64"
    }
  ],
  "testing:fibo-workflow/workflow.fibow": [
    [
      {
        "type_wrapper": "U8",
        "name": "n",
        "wit_type": "u8"
      },
      {
        "type_wrapper": "U32",
        "name": "iterations",
        "wit_type": "u32"
      }
    ],
    {
      "type_wrapper": "U64",
      "wit_type": "u64"
    }
  ]
}
