---
source: crates/utils/src/wasm_tools.rs
expression: imports
---
{
  "obelisk:workflow/host-activities.new-join-set": [
    [],
    {
      "type_wrapper": "own",
      "wit_type": "join-set-id"
    },
    null
  ],
  "testing:fibo-obelisk-ext/fibo.fibo-await-next": [
    [
      {
        "type_wrapper": "borrow",
        "name": "join-set-id",
        "wit_type": "borrow<join-set-id>"
      }
    ],
    {
      "type_wrapper": {
        "result": {
          "ok": {
            "tuple": [
              {
                "record": {
                  "id": "string"
                }
              },
              "u64"
            ]
          },
          "err": {
            "tuple": [
              {
                "record": {
                  "id": "string"
                }
              },
              {
                "variant": {
                  "nondeterminism": null,
                  "permanent-failure": "string",
                  "permanent-timeout": null
                }
              }
            ]
          }
        }
      },
      "wit_type": "result<tuple<execution-id, u64>, tuple<execution-id, execution-error>>"
    },
    null
  ],
  "testing:fibo-obelisk-ext/fibo.fibo-submit": [
    [
      {
        "type_wrapper": "borrow",
        "name": "join-set-id",
        "wit_type": "borrow<join-set-id>"
      },
      {
        "type_wrapper": "u8",
        "name": "n",
        "wit_type": "u8"
      }
    ],
    {
      "type_wrapper": {
        "record": {
          "id": "string"
        }
      },
      "wit_type": "execution-id"
    },
    null
  ],
  "testing:fibo-workflow-obelisk-ext/workflow.fiboa-concurrent-await-next": [
    [
      {
        "type_wrapper": "borrow",
        "name": "join-set-id",
        "wit_type": "borrow<join-set-id>"
      }
    ],
    {
      "type_wrapper": {
        "result": {
          "ok": {
            "tuple": [
              {
                "record": {
                  "id": "string"
                }
              },
              "u64"
            ]
          },
          "err": {
            "tuple": [
              {
                "record": {
                  "id": "string"
                }
              },
              {
                "variant": {
                  "nondeterminism": null,
                  "permanent-failure": "string",
                  "permanent-timeout": null
                }
              }
            ]
          }
        }
      },
      "wit_type": "result<tuple<execution-id, u64>, tuple<execution-id, execution-error>>"
    },
    null
  ],
  "testing:fibo-workflow-obelisk-ext/workflow.fiboa-concurrent-submit": [
    [
      {
        "type_wrapper": "borrow",
        "name": "join-set-id",
        "wit_type": "borrow<join-set-id>"
      },
      {
        "type_wrapper": "u8",
        "name": "n",
        "wit_type": "u8"
      },
      {
        "type_wrapper": "u32",
        "name": "iterations",
        "wit_type": "u32"
      }
    ],
    {
      "type_wrapper": {
        "record": {
          "id": "string"
        }
      },
      "wit_type": "execution-id"
    },
    null
  ],
  "testing:fibo-workflow/workflow-nesting.fibo-nested-workflow": [
    [
      {
        "type_wrapper": "u8",
        "name": "n",
        "wit_type": "u8"
      }
    ],
    {
      "type_wrapper": "u64",
      "wit_type": "u64"
    },
    null
  ],
  "testing:fibo/fibo.fibo": [
    [
      {
        "type_wrapper": "u8",
        "name": "n",
        "wit_type": "u8"
      }
    ],
    {
      "type_wrapper": "u64",
      "wit_type": "u64"
    },
    null
  ]
}
