---
source: crates/utils/src/wasm_tools.rs
expression: exports
---
{
  "testing:fibo-workflow/workflow-nesting.fibo-nested-workflow": [
    [
      {
        "name": "n",
        "wit_type": "u8",
        "type_wrapper": "U8"
      }
    ],
    "U64"
  ],
  "testing:fibo-workflow/workflow.fiboa": [
    [
      {
        "name": "n",
        "wit_type": "u8",
        "type_wrapper": "U8"
      },
      {
        "name": "iterations",
        "wit_type": "u32",
        "type_wrapper": "U32"
      }
    ],
    "U64"
  ],
  "testing:fibo-workflow/workflow.fiboa-concurrent": [
    [
      {
        "name": "n",
        "wit_type": "u8",
        "type_wrapper": "U8"
      },
      {
        "name": "iterations",
        "wit_type": "u32",
        "type_wrapper": "U32"
      }
    ],
    "U64"
  ],
  "testing:fibo-workflow/workflow.fibow": [
    [
      {
        "name": "n",
        "wit_type": "u8",
        "type_wrapper": "U8"
      },
      {
        "name": "iterations",
        "wit_type": "u32",
        "type_wrapper": "U32"
      }
    ],
    "U64"
  ]
}
