---
source: crates/utils/src/wasm_tools.rs
expression: imports
---
{
  "testing:http-obelisk-ext/http-get.get-successful-await-next": {
    "ffqn": {
      "ifc_fqn": "testing:http-obelisk-ext/http-get",
      "function_name": "get-successful-await-next"
    },
    "parameter_types": [
      {
        "type_wrapper": "borrow",
        "name": "join-set-id",
        "wit_type": "borrow<join-set-id>"
      }
    ],
    "return_type": {
      "type_wrapper": {
        "result": {
          "ok": {
            "tuple": [
              {
                "record": {
                  "id": "string"
                }
              },
              {
                "result": {
                  "ok": "string",
                  "err": "string"
                }
              }
            ]
          },
          "err": {
            "variant": {
              "all-processed": null,
              "function-mismatch": {
                "record": {
                  "actual-function": {
                    "option": {
                      "record": {
                        "function-name": "string",
                        "interface-name": "string"
                      }
                    }
                  },
                  "actual-id": {
                    "variant": {
                      "delay-id": {
                        "record": {
                          "id": "string"
                        }
                      },
                      "execution-id": {
                        "record": {
                          "id": "string"
                        }
                      }
                    }
                  },
                  "specified-function": {
                    "record": {
                      "function-name": "string",
                      "interface-name": "string"
                    }
                  }
                }
              }
            }
          }
        }
      },
      "wit_type": "result<tuple<execution-id, result<string, string>>, await-next-extension-error>"
    },
    "extension": "await_next",
    "submittable": false
  },
  "testing:http-obelisk-ext/http-get.get-successful-submit": {
    "ffqn": {
      "ifc_fqn": "testing:http-obelisk-ext/http-get",
      "function_name": "get-successful-submit"
    },
    "parameter_types": [
      {
        "type_wrapper": "borrow",
        "name": "join-set-id",
        "wit_type": "borrow<join-set-id>"
      },
      {
        "type_wrapper": "string",
        "name": "url",
        "wit_type": "string"
      }
    ],
    "return_type": {
      "type_wrapper": {
        "record": {
          "id": "string"
        }
      },
      "wit_type": "execution-id"
    },
    "extension": "submit",
    "submittable": false
  },
  "testing:http/http-get.get": {
    "ffqn": {
      "ifc_fqn": "testing:http/http-get",
      "function_name": "get"
    },
    "parameter_types": [
      {
        "type_wrapper": "string",
        "name": "url",
        "wit_type": "string"
      }
    ],
    "return_type": {
      "type_wrapper": {
        "result": {
          "ok": "string",
          "err": "string"
        }
      },
      "wit_type": "result<string, string>"
    },
    "extension": null,
    "submittable": false
  },
  "testing:http/http-get.get-resp": {
    "ffqn": {
      "ifc_fqn": "testing:http/http-get",
      "function_name": "get-resp"
    },
    "parameter_types": [
      {
        "type_wrapper": "string",
        "name": "url",
        "wit_type": "string"
      }
    ],
    "return_type": {
      "type_wrapper": {
        "result": {
          "ok": {
            "record": {
              "body": {
                "list": "u8"
              },
              "status-code": "u16"
            }
          },
          "err": "string"
        }
      },
      "wit_type": "result<response, string>"
    },
    "extension": null,
    "submittable": false
  },
  "testing:http/http-get.get-stargazers": {
    "ffqn": {
      "ifc_fqn": "testing:http/http-get",
      "function_name": "get-stargazers"
    },
    "parameter_types": [],
    "return_type": {
      "type_wrapper": {
        "result": {
          "ok": {
            "record": {
              "cursor": "string",
              "logins": "string"
            }
          },
          "err": "string"
        }
      },
      "wit_type": "result<stargazers, string>"
    },
    "extension": null,
    "submittable": false
  },
  "testing:http/http-get.get-successful": {
    "ffqn": {
      "ifc_fqn": "testing:http/http-get",
      "function_name": "get-successful"
    },
    "parameter_types": [
      {
        "type_wrapper": "string",
        "name": "url",
        "wit_type": "string"
      }
    ],
    "return_type": {
      "type_wrapper": {
        "result": {
          "ok": "string",
          "err": "string"
        }
      },
      "wit_type": "result<string, string>"
    },
    "extension": null,
    "submittable": false
  }
}
