---
source: crates/utils/src/wasm_tools.rs
expression: imports
---
{
  "obelisk:workflow/workflow-support@1.0.0.new-join-set-generated": {
    "ffqn": {
      "ifc_fqn": "obelisk:workflow/workflow-support@1.0.0",
      "function_name": "new-join-set-generated"
    },
    "parameter_types": [],
    "return_type": {
      "type_wrapper": "own",
      "wit_type": "join-set-id"
    },
    "extension": null,
    "submittable": false
  },
  "testing:fibo-obelisk-ext/fibo.fibo-await-next": {
    "ffqn": {
      "ifc_fqn": "testing:fibo-obelisk-ext/fibo",
      "function_name": "fibo-await-next"
    },
    "parameter_types": [
      {
        "type_wrapper": "borrow",
        "name": "join-set-id",
        "wit_type": "borrow<join-set-id>"
      }
    ],
    "return_type": {
      "type_wrapper": {
        "result": {
          "ok": {
            "tuple": [
              {
                "record": {
                  "id": "string"
                }
              },
              "u64"
            ]
          },
          "err": {
            "tuple": [
              {
                "record": {
                  "id": "string"
                }
              },
              {
                "variant": {
                  "activity-trap": "string",
                  "permanent-timeout": null
                }
              }
            ]
          }
        }
      },
      "wit_type": "result<tuple<execution-id, u64>, tuple<execution-id, execution-error>>"
    },
    "extension": null,
    "submittable": false
  },
  "testing:fibo-obelisk-ext/fibo.fibo-submit": {
    "ffqn": {
      "ifc_fqn": "testing:fibo-obelisk-ext/fibo",
      "function_name": "fibo-submit"
    },
    "parameter_types": [
      {
        "type_wrapper": "borrow",
        "name": "join-set-id",
        "wit_type": "borrow<join-set-id>"
      },
      {
        "type_wrapper": "u8",
        "name": "n",
        "wit_type": "u8"
      }
    ],
    "return_type": {
      "type_wrapper": {
        "record": {
          "id": "string"
        }
      },
      "wit_type": "execution-id"
    },
    "extension": null,
    "submittable": false
  },
  "testing:fibo-workflow-obelisk-ext/workflow.fiboa-concurrent-await-next": {
    "ffqn": {
      "ifc_fqn": "testing:fibo-workflow-obelisk-ext/workflow",
      "function_name": "fiboa-concurrent-await-next"
    },
    "parameter_types": [
      {
        "type_wrapper": "borrow",
        "name": "join-set-id",
        "wit_type": "borrow<join-set-id>"
      }
    ],
    "return_type": {
      "type_wrapper": {
        "result": {
          "ok": {
            "tuple": [
              {
                "record": {
                  "id": "string"
                }
              },
              "u64"
            ]
          },
          "err": {
            "tuple": [
              {
                "record": {
                  "id": "string"
                }
              },
              {
                "variant": {
                  "activity-trap": "string",
                  "permanent-timeout": null
                }
              }
            ]
          }
        }
      },
      "wit_type": "result<tuple<execution-id, u64>, tuple<execution-id, execution-error>>"
    },
    "extension": null,
    "submittable": false
  },
  "testing:fibo-workflow-obelisk-ext/workflow.fiboa-concurrent-submit": {
    "ffqn": {
      "ifc_fqn": "testing:fibo-workflow-obelisk-ext/workflow",
      "function_name": "fiboa-concurrent-submit"
    },
    "parameter_types": [
      {
        "type_wrapper": "borrow",
        "name": "join-set-id",
        "wit_type": "borrow<join-set-id>"
      },
      {
        "type_wrapper": "u8",
        "name": "n",
        "wit_type": "u8"
      },
      {
        "type_wrapper": "u32",
        "name": "iterations",
        "wit_type": "u32"
      }
    ],
    "return_type": {
      "type_wrapper": {
        "record": {
          "id": "string"
        }
      },
      "wit_type": "execution-id"
    },
    "extension": null,
    "submittable": false
  },
  "testing:fibo-workflow/workflow-nesting.fibo-nested-workflow": {
    "ffqn": {
      "ifc_fqn": "testing:fibo-workflow/workflow-nesting",
      "function_name": "fibo-nested-workflow"
    },
    "parameter_types": [
      {
        "type_wrapper": "u8",
        "name": "n",
        "wit_type": "u8"
      }
    ],
    "return_type": {
      "type_wrapper": "u64",
      "wit_type": "u64"
    },
    "extension": null,
    "submittable": false
  },
  "testing:fibo/fibo.fibo": {
    "ffqn": {
      "ifc_fqn": "testing:fibo/fibo",
      "function_name": "fibo"
    },
    "parameter_types": [
      {
        "type_wrapper": "u8",
        "name": "n",
        "wit_type": "u8"
      }
    ],
    "return_type": {
      "type_wrapper": "u64",
      "wit_type": "u64"
    },
    "extension": null,
    "submittable": false
  }
}
