---
source: crates/utils/src/wit.rs
expression: wit
---
package root:component;

world root {
  import wasi:io/poll@0.2.6;
  import wasi:clocks/monotonic-clock@0.2.6;
  import wasi:io/error@0.2.6;
  import wasi:io/streams@0.2.6;
  import wasi:http/types@0.2.4;
  import wasi:http/outgoing-handler@0.2.4;
  import wasi:cli/environment@0.2.6;
  import wasi:cli/exit@0.2.6;
  import wasi:cli/stderr@0.2.6;
  import wasi:random/insecure-seed@0.2.6;

  export testing:http/http-get;
  export testing:http-obelisk-ext/http-get;
  export testing:http-obelisk-schedule/http-get;
}
package obelisk:types@4.0.0 {
  @since(version = 3.0.0)
  interface time {
    @since(version = 3.0.0)
    variant duration {
      milliseconds(u64),
      seconds(u64),
      minutes(u32),
      hours(u32),
      days(u32),
    }

    /// A time and date in seconds plus nanoseconds.
    /// Extracted from wasi:clocks@0.2.0 to avoid dependency on wasi:io
    @since(version = 3.0.0)
    record datetime {
      seconds: u64,
      nanoseconds: u32,
    }

    @since(version = 3.0.0)
    variant schedule-at {
      now,
      at(datetime),
      in(duration),
    }
  }
  @since(version = 4.0.0)
  interface execution {
    @since(version = 3.0.0)
    record execution-id {
      id: string,
    }

    @since(version = 3.0.0)
    record delay-id {
      id: string,
    }

    @since(version = 3.0.0)
    record function {
      /// `namespace:pkg_name/ifc_name` or `namespace:pkg_name/ifc_name@version`
      interface-name: string,
      function-name: string,
    }

    @since(version = 3.0.0)
    variant response-id {
      execution-id(execution-id),
      delay-id(delay-id),
    }

    @since(version = 3.0.0)
    record function-mismatch {
      /// Workflow requested function
      specified-function: function,
      /// What was found actually during execution. None if delay was found as next unprocessed response.
      actual-function: option<function>,
      actual-id: response-id,
    }

    /// Error that is thrown by `-await-next` extension functions.
    @since(version = 3.0.0)
    variant await-next-extension-error {
      /// All submitted requests and their responses of specified function and join set were already processed.
      all-processed,
      /// Execution response was awaited and marked as processed, but it belongs to a different function.
      /// This can happen when join set contains responses of multiple functions or delay requests.
      function-mismatch(function-mismatch),
    }

    /// Error variants that may occur when calling `-get` extension functions.
    @since(version = 3.0.0)
    variant get-extension-error {
      /// Execution is found in processed responses, but it belongs to a different function.
      /// This can happen when join set contains responses of multiple functions.
      function-mismatch(function-mismatch),
      /// Processed responses do not contain the specified execution ID.
      /// This can happen if the execution was not marked as processed (awaited), or
      /// the execution ID does not belong to the specified join set.
      not-found-in-processed-responses,
    }

    /// Error variants that may occur when calling `-invoke` extension functions.
    @since(version = 3.0.0)
    variant invoke-extension-error {
      invalid-name(string),
    }

    /// Error variants that may occur when calling `-stub` extension functions.
    @since(version = 3.0.0)
    variant stub-error {
      /// Conflict can happen when a second writer attempts to stub a value, while the
      /// value is not equal to the already stubbed value.
      conflict,
    }
  }
  @since(version = 4.0.0)
  interface join-set {
    use time.{schedule-at};
    use execution.{delay-id, response-id};

    /// Join set resouce.
    @since(version = 4.0.0)
    resource join-set {
      /// Get the join set identifier in the form of:
      /// * `o:NAME` in case of a one-off join set, where `NAME` is generally an auto-incremented index optionally followed by underscode and a supplied name,
      /// * `g:NAME` in case of a generated join set where `NAME` is generally an auto-incremented index,
      /// * `n:NAME` in case of a named join set
      @since(version = 4.0.0)
      id: func() -> string;
      /// Submit a delay request to the join set. The delay can be later polled using `join-next`.
      @since(version = 4.0.0)
      submit-delay: func(timeout: schedule-at) -> delay-id;
      /// Block the workflow execution until next response associated with the join set arrives.
      /// The response is marked as processed.
      /// Child execution result can be obtained using `-get` extension function using the
      /// returned execution ID.
      /// Return `join-next-error::all-processed` if the join set has all requests matched with responses.
      @since(version = 4.0.0)
      join-next: func() -> result<tuple<response-id, result>, join-next-error>;
    }

    /// Error variants that may occur when calling `join-next` function.
    @since(version = 4.0.0)
    variant join-next-error {
      /// All submitted requests and their responses were already processed.
      all-processed,
    }
  }
}


package wasi:io@0.2.6 {
  interface poll {
    resource pollable {
      block: func();
    }
  }
  interface error {
    resource error {
      to-debug-string: func() -> string;
    }
  }
  interface streams {
    use poll.{pollable};
    use error.{error};

    resource output-stream {
      check-write: func() -> result<u64, stream-error>;
      write: func(contents: list<u8>) -> result<_, stream-error>;
      blocking-write-and-flush: func(contents: list<u8>) -> result<_, stream-error>;
      flush: func() -> result<_, stream-error>;
      subscribe: func() -> pollable;
    }

    resource input-stream {
      blocking-read: func(len: u64) -> result<list<u8>, stream-error>;
    }

    variant stream-error {
      last-operation-failed(error),
      closed,
    }
  }
}


package wasi:clocks@0.2.6 {
  interface monotonic-clock {
    type duration = u64;
  }
}


package wasi:http@0.2.4 {
  interface types {
    use wasi:clocks/monotonic-clock@0.2.6.{duration};
    use wasi:io/streams@0.2.6.{output-stream};
    use wasi:io/poll@0.2.6.{pollable};
    use wasi:io/streams@0.2.6.{input-stream};

    resource fields {
      from-list: static func(entries: list<tuple<field-name, field-value>>) -> result<fields, header-error>;
      entries: func() -> list<tuple<field-name, field-value>>;
    }

    type field-key = string;

    type field-name = field-key;

    type field-value = list<u8>;

    variant header-error {
      invalid-syntax,
      forbidden,
      immutable,
    }

    type headers = fields;

    resource outgoing-request {
      constructor(headers: headers);
      body: func() -> result<outgoing-body>;
      set-method: func(method: method) -> result;
      set-path-with-query: func(path-with-query: option<string>) -> result;
      set-scheme: func(scheme: option<scheme>) -> result;
      set-authority: func(authority: option<string>) -> result;
    }

    variant method {
      get,
      head,
      post,
      put,
      delete,
      connect,
      options,
      trace,
      patch,
      other(string),
    }

    variant scheme {
      HTTP,
      HTTPS,
      other(string),
    }

    resource outgoing-body {
      write: func() -> result<output-stream>;
      finish: static func(this: outgoing-body, trailers: option<trailers>) -> result<_, error-code>;
    }

    resource request-options {
      constructor();
      set-connect-timeout: func(duration: option<duration>) -> result;
    }

    resource future-incoming-response {
      subscribe: func() -> pollable;
      get: func() -> option<result<result<incoming-response, error-code>>>;
    }

    type trailers = fields;

    record DNS-error-payload {
      rcode: option<string>,
      info-code: option<u16>,
    }

    record TLS-alert-received-payload {
      alert-id: option<u8>,
      alert-message: option<string>,
    }

    record field-size-payload {
      field-name: option<string>,
      field-size: option<u32>,
    }

    variant error-code {
      DNS-timeout,
      DNS-error(DNS-error-payload),
      destination-not-found,
      destination-unavailable,
      destination-IP-prohibited,
      destination-IP-unroutable,
      connection-refused,
      connection-terminated,
      connection-timeout,
      connection-read-timeout,
      connection-write-timeout,
      connection-limit-reached,
      TLS-protocol-error,
      TLS-certificate-error,
      TLS-alert-received(TLS-alert-received-payload),
      HTTP-request-denied,
      HTTP-request-length-required,
      HTTP-request-body-size(option<u64>),
      HTTP-request-method-invalid,
      HTTP-request-URI-invalid,
      HTTP-request-URI-too-long,
      HTTP-request-header-section-size(option<u32>),
      HTTP-request-header-size(option<field-size-payload>),
      HTTP-request-trailer-section-size(option<u32>),
      HTTP-request-trailer-size(field-size-payload),
      HTTP-response-incomplete,
      HTTP-response-header-section-size(option<u32>),
      HTTP-response-header-size(field-size-payload),
      HTTP-response-body-size(option<u64>),
      HTTP-response-trailer-section-size(option<u32>),
      HTTP-response-trailer-size(field-size-payload),
      HTTP-response-transfer-coding(option<string>),
      HTTP-response-content-coding(option<string>),
      HTTP-response-timeout,
      HTTP-upgrade-failed,
      HTTP-protocol-error,
      loop-detected,
      configuration-error,
      internal-error(option<string>),
    }

    resource incoming-response {
      status: func() -> status-code;
      headers: func() -> headers;
      consume: func() -> result<incoming-body>;
    }

    type status-code = u16;

    resource incoming-body {
      %stream: func() -> result<input-stream>;
    }
  }
  interface outgoing-handler {
    use types.{outgoing-request, request-options, future-incoming-response, error-code};

    handle: func(request: outgoing-request, options: option<request-options>) -> result<future-incoming-response, error-code>;
  }
}


package wasi:cli@0.2.6 {
  interface environment {
    get-environment: func() -> list<tuple<string, string>>;
  }
  interface exit {
    exit: func(status: result);
  }
  interface stderr {
    use wasi:io/streams@0.2.6.{output-stream};

    get-stderr: func() -> output-stream;
  }
}


package wasi:random@0.2.6 {
  interface insecure-seed {
    insecure-seed: func() -> tuple<u64, u64>;
  }
}


package testing:http {
  interface http-get {
    record response {
      body: list<u8>,
      status-code: u16,
    }

    record stargazers {
      logins: string,
      cursor: string,
    }

    get: func(url: string) -> result<string, string>;

    get-resp: func(url: string) -> result<response, string>;

    get-stargazers: func() -> result<stargazers, string>;

    get-successful: func(url: string) -> result<string, string>;
  }
}


package testing:http-obelisk-ext {
  interface http-get {
    use testing:http/http-get.{response, stargazers};
    use obelisk:types/execution@4.0.0.{execution-id};
    use obelisk:types/join-set@4.0.0.{join-set};
    use obelisk:types/execution@4.0.0.{await-next-extension-error, get-extension-error, invoke-extension-error};

    get-submit: func(join-set: borrow<join-set>, url: string) -> execution-id;

    get-await-next: func(join-set: borrow<join-set>) -> result<tuple<execution-id, result<string, string>>, await-next-extension-error>;

    get-get: func(execution-id: execution-id) -> result<result<string, string>, get-extension-error>;

    get-invoke: func(label: string, url: string) -> result<tuple<execution-id, result<string, string>>, invoke-extension-error>;

    get-resp-submit: func(join-set: borrow<join-set>, url: string) -> execution-id;

    get-resp-await-next: func(join-set: borrow<join-set>) -> result<tuple<execution-id, result<response, string>>, await-next-extension-error>;

    get-resp-get: func(execution-id: execution-id) -> result<result<response, string>, get-extension-error>;

    get-resp-invoke: func(label: string, url: string) -> result<tuple<execution-id, result<response, string>>, invoke-extension-error>;

    get-stargazers-submit: func(join-set: borrow<join-set>) -> execution-id;

    get-stargazers-await-next: func(join-set: borrow<join-set>) -> result<tuple<execution-id, result<stargazers, string>>, await-next-extension-error>;

    get-stargazers-get: func(execution-id: execution-id) -> result<result<stargazers, string>, get-extension-error>;

    get-stargazers-invoke: func(label: string) -> result<tuple<execution-id, result<stargazers, string>>, invoke-extension-error>;

    get-successful-submit: func(join-set: borrow<join-set>, url: string) -> execution-id;

    get-successful-await-next: func(join-set: borrow<join-set>) -> result<tuple<execution-id, result<string, string>>, await-next-extension-error>;

    get-successful-get: func(execution-id: execution-id) -> result<result<string, string>, get-extension-error>;

    get-successful-invoke: func(label: string, url: string) -> result<tuple<execution-id, result<string, string>>, invoke-extension-error>;
  }
}


package testing:http-obelisk-schedule {
  interface http-get {
    use testing:http/http-get.{response, stargazers};
    use obelisk:types/execution@4.0.0.{execution-id};
    use obelisk:types/time@4.0.0.{schedule-at};

    get-schedule: func(schedule-at: schedule-at, url: string) -> execution-id;

    get-resp-schedule: func(schedule-at: schedule-at, url: string) -> execution-id;

    get-stargazers-schedule: func(schedule-at: schedule-at) -> execution-id;

    get-successful-schedule: func(schedule-at: schedule-at, url: string) -> execution-id;
  }
}
